
******************************* Main Menu *********************************
* 0.Exit 1.PersonManager(ch3_2, 4, 6, 7_2, 8, 9, 10)                      *
* 2.Class:Object(ch3_1) 3.CopyConstructor(ch5_1) 4.AllocatedMember(ch5_2) *
* 5.OperatorOverload(ch7_1) 6.Inheritance(ch8) 7.PMbyVector               *
***************************************************************************
Menu item number? 1

====================== Person Management Menu ===================
= 0.Exit 1.Display 2.Append 3.Clear 4.Login(CurrentUser, ch9)   =
= 5.Insert(6_2) 6.Delete(6_2) 7.CopyPersons(7_3) 8.Reset(7_3)   =
= 9.Find(9_2) 10.DispAlbaStud(9_2) 11.DispPhones(9_2)           =
=================================================================
Menu item number? 1
display(): count 16
[0] p0 10 70 false :Gwangju Nam-gu Bongseon-dong 21:
[1] p1 11 61.1 true :Jong-ro 1-gil, Jongno-gu, Seoul:
[2] p2 12 52.2 false :1001, Jungang-daero, Yeonje-gu, Busan:
[3] p3 13 83.3 true :100 Dunsan-ro Seo-gu Daejeon:
[4] s1 21 65.4 true :Jongno-gu Seoul: Physics 3.8 1
[5] s2 22 54.3 false :Yeonje-gu Busan: Electronics 2.5 4
[6] s3 23 55.5 true :Dong-gu Incheon: Computer 3.5 2
[7] s4 24 66.6 false :Sasang-gu Sejong: History 3.1 1
[8] w1 31 33.3 false :Kangnam-gu Seoul: Samsung Director
[9] w2 32 44.4 true :Dobong-gu Kwangju: Hyundai Manager
[10] w3 33 55.5 true :Dong-gu Incheon: Hyundai Labor
[11] w4 34 66.6 false :Sasang-gu Sejong: Kia CEO
[12] a1 41 55.5 true :Dong-gu Incheon: Computer 3.5 2 Hyundai Labor :CU KangNam,Seven Eleven,GSStore Suwon: false
[13] a2 42 66.6 false :Sasang-gu Sejong: History 3.1 1 Kia CEO :Seven Eveven,eMart Jinju,CU Bongsun: true
[14] a3 43 51.9 false :Buk-gu Daejeon: Computer 3.5 2 Samsung Manager :Youngpung,Kyobo Gwanghwa,E-mart Suwon: true
[15] a4 44 66.6 true :Nam-gu Busan: History 3.1 1 LG DepartmentHead :CU, FamilyMart, LotteMart, HomePlus: false

====================== Person Management Menu ===================
= 0.Exit 1.Display 2.Append 3.Clear 4.Login(CurrentUser, ch9)   =
= 5.Insert(6_2) 6.Delete(6_2) 7.CopyPersons(7_3) 8.Reset(7_3)   =
= 9.Find(9_2) 10.DispAlbaStud(9_2) 11.DispPhones(9_2)           =
=================================================================
Menu item number? 0

******************************* Main Menu *********************************
* 0.Exit 1.PersonManager(ch3_2, 4, 6, 7_2, 8, 9, 10)                      *
* 2.Class:Object(ch3_1) 3.CopyConstructor(ch5_1) 4.AllocatedMember(ch5_2) *
* 5.OperatorOverload(ch7_1) 6.Inheritance(ch8) 7.PMbyVector               *
***************************************************************************
Menu item number? 0
Good bye!!
