
******************************* Main Menu *********************************
* 0.Exit 1.PersonManager(ch3_2, 4, 6, 7_2, 8, 9, 10)                      *
* 2.Class:Object(ch3_1) 3.CopyConstructor(ch5_1) 4.AllocatedMember(ch5_2) *
* 5.OperatorOverload(ch7_1) 6.Inheritance(ch8) 7.PMbyVector               *
***************************************************************************
Menu item number? 7

============================ PMbyVector Menu =========================
= 0.Exit 1.Display 2.Append 3.Clear 4.Insert 5.Delete 6.Copy 7.Reset =
======================================================================
Menu item number? 1
display(): count 16
[0] p0 10 70 false :Gwangju Nam-gu Bongseon-dong 21:
[1] p1 11 61.1 true :Jong-ro 1-gil, Jongno-gu, Seoul:
[2] p2 12 52.2 false :1001, Jungang-daero, Yeonje-gu, Busan:
[3] p3 13 83.3 true :100 Dunsan-ro Seo-gu Daejeon:
[4] s1 21 65.4 true :Jongno-gu Seoul:
[5] s2 22 54.3 false :Yeonje-gu Busan:
[6] s3 23 55.5 true :Dong-gu Incheon:
[7] s4 24 66.6 false :Sasang-gu Sejong:
[8] w1 31 33.3 false :Kangnam-gu Seoul:
[9] w2 32 44.4 true :Dobong-gu Kwangju:
[10] w3 33 55.5 true :Dong-gu Incheon:
[11] w4 34 66.6 false :Sasang-gu Sejong:
[12] a1 41 55.5 true :Dong-gu Incheon:
[13] a2 42 66.6 false :Sasang-gu Sejong:
[14] a3 43 51.9 false :Buk-gu Daejeon:
[15] a4 44 66.6 true :Nam-gu Busan:

============================ PMbyVector Menu =========================
= 0.Exit 1.Display 2.Append 3.Clear 4.Insert 5.Delete 6.Copy 7.Reset =
======================================================================
Menu item number? 3
display(): count 0

============================ PMbyVector Menu =========================
= 0.Exit 1.Display 2.Append 3.Clear 4.Insert 5.Delete 6.Copy 7.Reset =
======================================================================
Menu item number? 7
display(): count 16
[0] p0 10 70 false :Gwangju Nam-gu Bongseon-dong 21:
[1] p1 11 61.1 true :Jong-ro 1-gil, Jongno-gu, Seoul:
[2] p2 12 52.2 false :1001, Jungang-daero, Yeonje-gu, Busan:
[3] p3 13 83.3 true :100 Dunsan-ro Seo-gu Daejeon:
[4] s1 21 65.4 true :Jongno-gu Seoul:
[5] s2 22 54.3 false :Yeonje-gu Busan:
[6] s3 23 55.5 true :Dong-gu Incheon:
[7] s4 24 66.6 false :Sasang-gu Sejong:
[8] w1 31 33.3 false :Kangnam-gu Seoul:
[9] w2 32 44.4 true :Dobong-gu Kwangju:
[10] w3 33 55.5 true :Dong-gu Incheon:
[11] w4 34 66.6 false :Sasang-gu Sejong:
[12] a1 41 55.5 true :Dong-gu Incheon:
[13] a2 42 66.6 false :Sasang-gu Sejong:
[14] a3 43 51.9 false :Buk-gu Daejeon:
[15] a4 44 66.6 true :Nam-gu Busan:

============================ PMbyVector Menu =========================
= 0.Exit 1.Display 2.Append 3.Clear 4.Insert 5.Delete 6.Copy 7.Reset =
======================================================================
Menu item number? 6
display(): count 32
[0] p0 10 70 false :Gwangju Nam-gu Bongseon-dong 21:
[1] p1 11 61.1 true :Jong-ro 1-gil, Jongno-gu, Seoul:
[2] p2 12 52.2 false :1001, Jungang-daero, Yeonje-gu, Busan:
[3] p3 13 83.3 true :100 Dunsan-ro Seo-gu Daejeon:
[4] s1 21 65.4 true :Jongno-gu Seoul:
[5] s2 22 54.3 false :Yeonje-gu Busan:
[6] s3 23 55.5 true :Dong-gu Incheon:
[7] s4 24 66.6 false :Sasang-gu Sejong:
[8] w1 31 33.3 false :Kangnam-gu Seoul:
[9] w2 32 44.4 true :Dobong-gu Kwangju:
[10] w3 33 55.5 true :Dong-gu Incheon:
[11] w4 34 66.6 false :Sasang-gu Sejong:
[12] a1 41 55.5 true :Dong-gu Incheon:
[13] a2 42 66.6 false :Sasang-gu Sejong:
[14] a3 43 51.9 false :Buk-gu Daejeon:
[15] a4 44 66.6 true :Nam-gu Busan:
[16] pp0 30 71 true :Gwangju Nam-gu Bongseon-dong 21:
[17] pp1 31 62.1 false :Jong-ro 1-gil, Jongno-gu, Seoul:
[18] pp2 32 53.2 true :1001, Jungang-daero, Yeonje-gu, Busan:
[19] pp3 33 84.3 false :100 Dunsan-ro Seo-gu Daejeon:
[20] ss1 41 66.4 false :Jongno-gu Seoul:
[21] ss2 42 55.3 true :Yeonje-gu Busan:
[22] ss3 43 56.5 false :Dong-gu Incheon:
[23] ss4 44 67.6 true :Sasang-gu Sejong:
[24] ww1 51 34.3 true :Kangnam-gu Seoul:
[25] ww2 52 45.4 false :Dobong-gu Kwangju:
[26] ww3 53 56.5 false :Dong-gu Incheon:
[27] ww4 54 67.6 true :Sasang-gu Sejong:
[28] aa1 61 56.5 false :Dong-gu Incheon:
[29] aa2 62 67.6 true :Sasang-gu Sejong:
[30] aa3 63 52.9 true :Buk-gu Daejeon:
[31] aa4 64 67.6 false :Nam-gu Busan:

============================ PMbyVector Menu =========================
= 0.Exit 1.Display 2.Append 3.Clear 4.Insert 5.Delete 6.Copy 7.Reset =
======================================================================
Menu item number? 6
display(): count 64
[0] p0 10 70 false :Gwangju Nam-gu Bongseon-dong 21:
[1] p1 11 61.1 true :Jong-ro 1-gil, Jongno-gu, Seoul:
[2] p2 12 52.2 false :1001, Jungang-daero, Yeonje-gu, Busan:
[3] p3 13 83.3 true :100 Dunsan-ro Seo-gu Daejeon:
[4] s1 21 65.4 true :Jongno-gu Seoul:
[5] s2 22 54.3 false :Yeonje-gu Busan:
[6] s3 23 55.5 true :Dong-gu Incheon:
[7] s4 24 66.6 false :Sasang-gu Sejong:
[8] w1 31 33.3 false :Kangnam-gu Seoul:
[9] w2 32 44.4 true :Dobong-gu Kwangju:
[10] w3 33 55.5 true :Dong-gu Incheon:
[11] w4 34 66.6 false :Sasang-gu Sejong:
[12] a1 41 55.5 true :Dong-gu Incheon:
[13] a2 42 66.6 false :Sasang-gu Sejong:
[14] a3 43 51.9 false :Buk-gu Daejeon:
[15] a4 44 66.6 true :Nam-gu Busan:
[16] pp0 30 71 true :Gwangju Nam-gu Bongseon-dong 21:
[17] pp1 31 62.1 false :Jong-ro 1-gil, Jongno-gu, Seoul:
[18] pp2 32 53.2 true :1001, Jungang-daero, Yeonje-gu, Busan:
[19] pp3 33 84.3 false :100 Dunsan-ro Seo-gu Daejeon:
[20] ss1 41 66.4 false :Jongno-gu Seoul:
[21] ss2 42 55.3 true :Yeonje-gu Busan:
[22] ss3 43 56.5 false :Dong-gu Incheon:
[23] ss4 44 67.6 true :Sasang-gu Sejong:
[24] ww1 51 34.3 true :Kangnam-gu Seoul:
[25] ww2 52 45.4 false :Dobong-gu Kwangju:
[26] ww3 53 56.5 false :Dong-gu Incheon:
[27] ww4 54 67.6 true :Sasang-gu Sejong:
[28] aa1 61 56.5 false :Dong-gu Incheon:
[29] aa2 62 67.6 true :Sasang-gu Sejong:
[30] aa3 63 52.9 true :Buk-gu Daejeon:
[31] aa4 64 67.6 false :Nam-gu Busan:
[32] ppp0 50 72 false :Gwangju Nam-gu Bongseon-dong 21:
[33] ppp1 51 63.1 true :Jong-ro 1-gil, Jongno-gu, Seoul:
[34] ppp2 52 54.2 false :1001, Jungang-daero, Yeonje-gu, Busan:
[35] ppp3 53 85.3 true :100 Dunsan-ro Seo-gu Daejeon:
[36] sss1 61 67.4 true :Jongno-gu Seoul:
[37] sss2 62 56.3 false :Yeonje-gu Busan:
[38] sss3 63 57.5 true :Dong-gu Incheon:
[39] sss4 64 68.6 false :Sasang-gu Sejong:
[40] www1 71 35.3 false :Kangnam-gu Seoul:
[41] www2 72 46.4 true :Dobong-gu Kwangju:
[42] www3 73 57.5 true :Dong-gu Incheon:
[43] www4 74 68.6 false :Sasang-gu Sejong:
[44] aaa1 81 57.5 true :Dong-gu Incheon:
[45] aaa2 82 68.6 false :Sasang-gu Sejong:
[46] aaa3 83 53.9 false :Buk-gu Daejeon:
[47] aaa4 84 68.6 true :Nam-gu Busan:
[48] pppp0 70 73 true :Gwangju Nam-gu Bongseon-dong 21:
[49] pppp1 71 64.1 false :Jong-ro 1-gil, Jongno-gu, Seoul:
[50] pppp2 72 55.2 true :1001, Jungang-daero, Yeonje-gu, Busan:
[51] pppp3 73 86.3 false :100 Dunsan-ro Seo-gu Daejeon:
[52] ssss1 81 68.4 false :Jongno-gu Seoul:
[53] ssss2 82 57.3 true :Yeonje-gu Busan:
[54] ssss3 83 58.5 false :Dong-gu Incheon:
[55] ssss4 84 69.6 true :Sasang-gu Sejong:
[56] wwww1 91 36.3 true :Kangnam-gu Seoul:
[57] wwww2 92 47.4 false :Dobong-gu Kwangju:
[58] wwww3 93 58.5 false :Dong-gu Incheon:
[59] wwww4 94 69.6 true :Sasang-gu Sejong:
[60] aaaa1 101 58.5 false :Dong-gu Incheon:
[61] aaaa2 102 69.6 true :Sasang-gu Sejong:
[62] aaaa3 103 54.9 true :Buk-gu Daejeon:
[63] aaaa4 104 69.6 false :Nam-gu Busan:

============================ PMbyVector Menu =========================
= 0.Exit 1.Display 2.Append 3.Clear 4.Insert 5.Delete 6.Copy 7.Reset =
======================================================================
Menu item number? 7
display(): count 16
[0] p0 10 70 false :Gwangju Nam-gu Bongseon-dong 21:
[1] p1 11 61.1 true :Jong-ro 1-gil, Jongno-gu, Seoul:
[2] p2 12 52.2 false :1001, Jungang-daero, Yeonje-gu, Busan:
[3] p3 13 83.3 true :100 Dunsan-ro Seo-gu Daejeon:
[4] s1 21 65.4 true :Jongno-gu Seoul:
[5] s2 22 54.3 false :Yeonje-gu Busan:
[6] s3 23 55.5 true :Dong-gu Incheon:
[7] s4 24 66.6 false :Sasang-gu Sejong:
[8] w1 31 33.3 false :Kangnam-gu Seoul:
[9] w2 32 44.4 true :Dobong-gu Kwangju:
[10] w3 33 55.5 true :Dong-gu Incheon:
[11] w4 34 66.6 false :Sasang-gu Sejong:
[12] a1 41 55.5 true :Dong-gu Incheon:
[13] a2 42 66.6 false :Sasang-gu Sejong:
[14] a3 43 51.9 false :Buk-gu Daejeon:
[15] a4 44 66.6 true :Nam-gu Busan:

============================ PMbyVector Menu =========================
= 0.Exit 1.Display 2.Append 3.Clear 4.Insert 5.Delete 6.Copy 7.Reset =
======================================================================
Menu item number? 0

******************************* Main Menu *********************************
* 0.Exit 1.PersonManager(ch3_2, 4, 6, 7_2, 8, 9, 10)                      *
* 2.Class:Object(ch3_1) 3.CopyConstructor(ch5_1) 4.AllocatedMember(ch5_2) *
* 5.OperatorOverload(ch7_1) 6.Inheritance(ch8) 7.PMbyVector               *
***************************************************************************
Menu item number? 0
Good bye!!
